// Jest Snapshot v1, https://goo.gl/fbAQLP

exports[`json response 1`] = `
Object {
  "name": "Out There On the Ice",
}
`;
